// Bun Snapshot v1, https://goo.gl/fbAQLP

exports[`beastCall should create wolfs 1`] = `
"*Игрок 1* использовал _🐺📣 Звериный клич_
\\[ 📖8 ]"
`;
