// Bun Snapshot v1, https://goo.gl/fbAQLP

exports[`disarm target should be disarmed if initiator has more dex 1`] = `
"*alias* –∏—Å–ø–æ–ª—å–∑–æ–≤–∞–ª _ü•ä –û–±–µ–∑–æ—Ä—É–∂–∏–≤–∞–Ω–∏–µ_ –Ω–∞ *asperiores*
\\[ üìñ20 ]
*asperiores* –ø—ã—Ç–∞–ª—Å—è –∞—Ç–∞–∫–æ–≤–∞—Ç—å *alias*, –Ω–æ —É –Ω–µ–≥–æ –Ω–µ –ø–æ–ª—É—á–∏–ª–æ—Å—å
_ü•ä –û–±–µ–∑–æ—Ä—É–∂–∏–≤–∞–Ω–∏–µ_ *alias*: üìñ0"
`;

exports[`disarm target should not be disarmed if initiator has less dex 1`] = `
"*explicabo* –ø—ã—Ç–∞–ª—Å—è –∏—Å–ø–æ–ª—å–∑–æ–≤–∞—Ç—å —É–º–µ–Ω–∏–µ _ü•ä –û–±–µ–∑–æ—Ä—É–∂–∏–≤–∞–Ω–∏–µ_, –Ω–æ —É –Ω–µ–≥–æ –Ω–µ –≤—ã—à–ª–æ
*repellat* —Ä—É–±–∞–Ω—É–ª *explicabo* _–≠–ø–∏—á–µ—Å–∫–∏–º –ú–µ—á–æ–º_ –∏ –Ω–∞–Ω—ë—Å *4.85* —É—Ä–æ–Ω–∞
\\[ explicabo üí• üíî-4.85/3.15 üìñ39 ]"
`;
