// Bun Snapshot v1, https://goo.gl/fbAQLP

exports[`dodge target should dodge attack if has initiator more dex 1`] = `
"*alias* использовал _🐍 Увертка_

*asperiores* пытался атаковать *alias*, но у него не получилось
_🐍 Увертка_ *alias*: 📖50"
`;

exports[`dodge target should not dodge attack if target has more dex 1`] = `
"*explicabo* использовал _🐍 Увертка_

*repellat* рубанул *explicabo* _Эпическим Мечом_ и нанёс *4.85* урона
\\[ explicabo 💥 💔-4.85/3.15 📖39 ]"
`;
