// Bun Snapshot v1, https://goo.gl/fbAQLP

exports[`parry target should not parry attack if target has more dex 1`] = `
"*explicabo* –∏—Å–ø–æ–ª—å–∑–æ–≤–∞–ª _ü§∫ –ü–∞—Ä–∏—Ä–æ–≤–∞–Ω–∏–µ_

*repellat* —Ä—É–±–∞–Ω—É–ª *explicabo* _–≠–ø–∏—á–µ—Å–∫–∏–º –ú–µ—á–æ–º_ –∏ –Ω–∞–Ω—ë—Å *4.85* —É—Ä–æ–Ω–∞
\\[ explicabo üí• üíî-4.85/3.15 üìñ39 ]"
`;

exports[`parry target should parry attack if initiator has more dex 1`] = `
"*alias* –∏—Å–ø–æ–ª—å–∑–æ–≤–∞–ª _ü§∫ –ü–∞—Ä–∏—Ä–æ–≤–∞–Ω–∏–µ_

*asperiores* –ø—ã—Ç–∞–ª—Å—è –∞—Ç–∞–∫–æ–≤–∞—Ç—å *alias*, –Ω–æ —É –Ω–µ–≥–æ –Ω–µ –ø–æ–ª—É—á–∏–ª–æ—Å—å
_ü§∫ –ü–∞—Ä–∏—Ä–æ–≤–∞–Ω–∏–µ_ *alias*: üìñ8"
`;
