// Bun Snapshot v1, https://goo.gl/fbAQLP

exports[`terrifyingHowl should apply paralysis 1`] = `
"*asperiores* испустил _🐺🔊 Ужасающий вой_! *ratione* и *alias* не в силах двигаться от страха!
\\[ 📖8 ]"
`;
