// Bun Snapshot v1, https://goo.gl/fbAQLP

exports[`divineWill should break success cast 1`] = `
"*quisquam* –≤—ã—Å—Ç—Ä–µ–ª–∏–≤–∞–µ—Ç _–ú–∞–≥–∏—á–µ—Å–∫–æ–π —Å—Ç—Ä–µ–ª–æ–π_ –≤ *corporis*
\\[ corporis ‚ú® üíî-2.1/5.9 üìñ25 ]
*quisquam* –ø—ã—Ç–∞–ª—Å—è –∏—Å–ø–æ–ª—å–∑–æ–≤–∞—Ç—å _–ú–∞–≥–∏—á–µ—Å–∫–∞—è —Å—Ç—Ä–µ–ª–∞_ –Ω–∞ *corporis*, –Ω–æ —É –Ω–µ–≥–æ –Ω–µ –ø–æ–ª—É—á–∏–ª–æ—Å—å
_–í–æ–ª—è –±–æ–≥–æ–≤_ *quisquam*"
`;

exports[`divineWill should succeed fail cast 1`] = `
"*quisquam* –ø—ã—Ç–∞–ª—Å—è —Å–æ—Ç–≤–æ—Ä–∏—Ç—å _–ú–∞–≥–∏—á–µ—Å–∫–∞—è —Å—Ç—Ä–µ–ª–∞_ –Ω–∞ *corporis*, –Ω–æ —É –Ω–µ–≥–æ –Ω–µ –ø–æ–ª—É—á–∏–ª–æ—Å—å
*quisquam* –≤—ã—Å—Ç—Ä–µ–ª–∏–≤–∞–µ—Ç _–ú–∞–≥–∏—á–µ—Å–∫–æ–π —Å—Ç—Ä–µ–ª–æ–π_ –≤ *corporis*
\\[ corporis ‚ú® üíî-1.96/6.04 üìñ24 ]

_–í–æ–ª—è –±–æ–≥–æ–≤_ *quisquam*"
`;
