// Bun Snapshot v1, https://goo.gl/fbAQLP

exports[`fatesMiss should break success cast 1`] = `
"*–ò–≥—Ä–æ–∫ 1* –¥–∞–ª –ø–æ –±–∞—à–∫–µ *–ò–≥—Ä–æ–∫ 2* _–û—Ä—É–∂–∏–µ–º_ –∏ –Ω–∞–Ω—ë—Å *7.2* —É—Ä–æ–Ω–∞
\\[ –ò–≥—Ä–æ–∫ 2 üí• üíî-7.2/0.8 üìñ58 ]
*–ò–≥—Ä–æ–∫ 1* –ø—ã—Ç–∞–ª—Å—è –∞—Ç–∞–∫–æ–≤–∞—Ç—å *–ò–≥—Ä–æ–∫ 2*, –Ω–æ —É –Ω–µ–≥–æ –Ω–µ –ø–æ–ª—É—á–∏–ª–æ—Å—å
_–ü—Ä–æ–º–∞—Ö —Å—É–¥—å–±—ã_ *–ò–≥—Ä–æ–∫ 1*"
`;
