// Bun Snapshot v1, https://goo.gl/fbAQLP

exports[`markOfDarkness should apply mark 1`] = `
"*corporis* –∏—Å–ø–æ–ª—å–∑–æ–≤–∞–ª _–ó–∞—Ç–º–µ–Ω–∏–µ_ –Ω–∞ *quisquam*
\\[ üìñ80 ]
_üåë –ú–µ—Ç–∫–∞ —Ç—å–º—ã_ *quisquam*"
`;

exports[`markOfDarkness mark should increase effect 1`] = `
"*quisquam* —Å–æ—Ç–≤–æ—Ä–∏–ª _–í–∞–º–ø–∏—Ä–∏–∑–º_ –Ω–∞ *corporis* –Ω–∞–Ω–µ—Å—è *6.3* –∏ –≤–æ—Å—Å—Ç–∞–Ω–æ–≤–∏–≤ —Å–µ–±–µ *6.3* –∑–¥–æ—Ä–æ–≤—å—è
\\[ corporis ‚ú® üíî-6.3/1.7 üìñ60 ]"
`;

exports[`markOfDarkness mark should increase effect 2`] = `
"*quisquam* —Å–æ—Ç–≤–æ—Ä–∏–ª _–í–∞–º–ø–∏—Ä–∏–∑–º_ –Ω–∞ *corporis* –Ω–∞–Ω–µ—Å—è *6.3* –∏ –≤–æ—Å—Å—Ç–∞–Ω–æ–≤–∏–≤ —Å–µ–±–µ *6.3* –∑–¥–æ—Ä–æ–≤—å—è
\\[ corporis ‚ú® üíî-6.3/1.7 üìñ60 ]
*quisquam* —Å–æ—Ç–≤–æ—Ä–∏–ª _–í–∞–º–ø–∏—Ä–∏–∑–º_ –Ω–∞ *corporis* –Ω–∞–Ω–µ—Å—è *10.08* –∏ –≤–æ—Å—Å—Ç–∞–Ω–æ–≤–∏–≤ —Å–µ–±–µ *1.7* –∑–¥–æ—Ä–æ–≤—å—è
\\[ corporis ‚ú® üíî-10.08/-8.38 üìñ91 ]
_üåë –ú–µ—Ç–∫–∞ —Ç—å–º—ã_ *quisquam*"
`;
