// Bun Snapshot v1, https://goo.gl/fbAQLP

exports[`cutWeapon should hit through protect 1`] = `
"*quisquam* –ø—ã—Ç–∞–ª—Å—è –∞—Ç–∞–∫–æ–≤–∞—Ç—å *corporis*, –Ω–æ —É –Ω–µ–≥–æ –Ω–µ –ø–æ–ª—É—á–∏–ª–æ—Å—å
_–ó–∞—â–∏—Ç–∞_ *corporis*: üìñ216
*quisquam* –ø—É—Å—Ç–∏–ª –∫—Ä–æ–≤—å *corporis* —Å –ø–æ–º–æ—â—å—é _–≠–ø–∏—á–µ—Å–∫–∞—è –°–µ–∫–∏—Ä–∞_ –∏ –Ω–∞–Ω—ë—Å *10.78* —É—Ä–æ–Ω–∞
\\[ corporis üí• üíî-10.78/-2.78 üìñ86 ]

_–ù–∞–≤—ã–∫ –≤–ª–∞–¥–µ–Ω–∏—è —Ä–µ–∂—É—â–∏–º –æ—Ä—É–∂–∏–µ–º_ *quisquam*"
`;
