// Bun Snapshot v1, https://goo.gl/fbAQLP

exports[`healingWeapon should increase damage with chance 1`] = `
"*quisquam* вонзил _Лечащий посох_ в *corporis* и нанёс *2.8* урона
\\[ corporis 💥 💔-2.8/5.2 📖22 ]
*quisquam* вонзил _Лечащий посох_ в *corporis* и нанёс *2.86* урона
\\[ corporis 💥 💔-2.86/2.34 📖23 ]

_Навык владения лечащим оружием_ *quisquam*"
`;
