// Bun Snapshot v1, https://goo.gl/fbAQLP

exports[`stunWeapon should hit through protect 1`] = `
"*quisquam* –ø—ã—Ç–∞–ª—Å—è –∞—Ç–∞–∫–æ–≤–∞—Ç—å *corporis*, –Ω–æ —É –Ω–µ–≥–æ –Ω–µ –ø–æ–ª—É—á–∏–ª–æ—Å—å
_–ó–∞—â–∏—Ç–∞_ *corporis*: üìñ15
*quisquam* –¥–∞–ª –ø–æ –±–∞—à–∫–µ *corporis* _–ü–æ—Å–æ—Ö–æ–º_ –∏ –Ω–∞–Ω—ë—Å *0.74* —É—Ä–æ–Ω–∞
\\[ corporis üí• üíî-0.74/7.26 üìñ6 ]

_–ù–∞–≤—ã–∫ –≤–ª–∞–¥–µ–Ω–∏—è –æ–≥–ª—É—à–∞—é—â–∏–º –æ—Ä—É–∂–∏–µ–º_ *quisquam*"
`;
