// Bun Snapshot v1, https://goo.gl/fbAQLP

exports[`thrustWeapon should hit through dodge 1`] = `
"*corporis* использовал _🐍 Увертка_

*quisquam* пытался атаковать *corporis*, но у него не получилось
_🐍 Увертка_ *corporis*: 📖50
*quisquam* вонзил _Стилет_ в *corporis* и нанёс *4.2* урона
\\[ corporis 💥 💔-4.2/3.8 📖34 ]

_Навык владения колющим оружием_ *quisquam*"
`;
