// Jest Snapshot v1, https://goo.gl/fbAQLP

exports[`blight should hit percentage damage 1`] = `6.54`;

exports[`blight should hit percentage damage 2`] = `
"*asperiores* сотворил _Истощение_ на *magni* нанеся 1.46 урона
\\[ magni 💥 💔-1.46/6.54 📖20 ]"
`;
