// Jest Snapshot v1, https://goo.gl/fbAQLP

exports[`eclipse initiator should be blinded by eclipse 1`] = `
"*asperiores* –∏—Å–ø–æ–ª—å–∑–æ–≤–∞–ª _–ó–∞—Ç–º–µ–Ω–∏–µ_ –Ω–∞ *asperiores*
\\[ üìñ80 ]
*alias* –ø—ã—Ç–∞–ª—Å—è –∞—Ç–∞–∫–æ–≤–∞—Ç—å *asperiores*, –Ω–æ —É –Ω–µ–≥–æ –Ω–µ –ø–æ–ª—É—á–∏–ª–æ—Å—å
_–ó–∞—Ç–º–µ–Ω–∏–µ_ *asperiores*"
`;
