// Bun Snapshot v1, https://goo.gl/fbAQLP

exports[`lightShield initiator should be hit by light shield 1`] = `
"*asperiores* использовал _Световой щит_ на *magni*
\\[ 📖6 ]
*asperiores* использовал _Световой щит_ на *magni*
\\[ 📖3 ]
*ratione* рубанул *magni* _Эпическим Мечом_ и нанёс *4.71* урона
\\[ magni 💥 💔-4.71/3.29 📖38 ]

$*asperiores* сотворил _Световой щит_ на *ratione* нанеся 1.03 урона
\\[ ratione ✨ 💔-1.03/6.97 📖16 ]

$*asperiores* сотворил _Световой щит_ на *ratione* нанеся 0.51 урона
\\[ ratione ✨ 💔-0.51/6.46 📖12 ]"
`;
