// Bun Snapshot v1, https://goo.gl/fbAQLP

exports[`madness should change target 1`] = `
"*asperiores* использовал _Безумие_ на *alias*
\\[ 📖80 ]
*alias* рубанул *alias* _Эпическим Мечом_ и нанёс *4.75* урона
\\[ alias 💥 💔-4.75/3.25 📖0 ]

_Безумие_ *alias*"
`;
