// Bun Snapshot v1, https://goo.gl/fbAQLP
exports[`magicWall should protect player 1`] = `
"*repellat* –∏—Å–ø–æ–ª—å–∑–æ–≤–∞–ª _–ú–∞–≥–∏—á–µ—Å–∫–∞—è —Å—Ç–µ–Ω–∞_ –Ω–∞ *repellat* —Å —ç—Ñ—Ñ–µ–∫—Ç–æ–º 140.21
\\[ üìñ0 ]
*explicabo* –ø—ã—Ç–∞–ª—Å—è –∞—Ç–∞–∫–æ–≤–∞—Ç—å *repellat*, –Ω–æ —É –Ω–µ–≥–æ –Ω–µ –ø–æ–ª—É—á–∏–ª–æ—Å—å
_–ú–∞–≥–∏—á–µ—Å–∫–∞—è —Å—Ç–µ–Ω–∞_ *repellat*: üìñ112
*explicabo* –ø—ã—Ç–∞–ª—Å—è –∞—Ç–∞–∫–æ–≤–∞—Ç—å *repellat*, –Ω–æ —É –Ω–µ–≥–æ –Ω–µ –ø–æ–ª—É—á–∏–ª–æ—Å—å
_–ú–∞–≥–∏—á–µ—Å–∫–∞—è —Å—Ç–µ–Ω–∞_ *repellat*: üìñ112"
`;

exports[`magicWall target should be behind wall 1`] = `147.01`;

exports[`magicWall target should be behind wall 2`] = `
"*asperiores* –∏—Å–ø–æ–ª—å–∑–æ–≤–∞–ª _–ú–∞–≥–∏—á–µ—Å–∫–∞—è —Å—Ç–µ–Ω–∞_ –Ω–∞ *alias* —Å —ç—Ñ—Ñ–µ–∫—Ç–æ–º 140.21
\\[ üìñ0 ]
*alias* –ø—ã—Ç–∞–ª—Å—è –∞—Ç–∞–∫–æ–≤–∞—Ç—å *asperiores*, –Ω–æ —É –Ω–µ–≥–æ –Ω–µ –ø–æ–ª—É—á–∏–ª–æ—Å—å
_–ú–∞–≥–∏—á–µ—Å–∫–∞—è —Å—Ç–µ–Ω–∞_ *asperiores*"
`;
