// Jest Snapshot v1, https://goo.gl/fbAQLP

exports[`paralysis target should sleep and not be able to attack 1`] = `
"*asperiores* –∏—Å–ø–æ–ª—å–∑–æ–≤–∞–ª _–£—Å—ã–ø–ª–µ–Ω–∏–µ_ –Ω–∞ *alias*
\\[ üìñ20 ]
*alias* –ø—ã—Ç–∞–ª—Å—è –∞—Ç–∞–∫–æ–≤–∞—Ç—å *asperiores*, –Ω–æ —É –Ω–µ–≥–æ –Ω–µ –ø–æ–ª—É—á–∏–ª–æ—Å—å
_–£—Å—ã–ø–ª–µ–Ω–∏–µ_ *asperiores*
*alias* –ø—ã—Ç–∞–ª—Å—è –∏—Å–ø–æ–ª—å–∑–æ–≤–∞—Ç—å _–ó–∞—â–∏—Ç–∞_ –Ω–∞ *asperiores*, –Ω–æ —É –Ω–µ–≥–æ –Ω–µ –ø–æ–ª—É—á–∏–ª–æ—Å—å
_–£—Å—ã–ø–ª–µ–Ω–∏–µ_ *asperiores*
*alias* –ø—ã—Ç–∞–ª—Å—è –∏—Å–ø–æ–ª—å–∑–æ–≤–∞—Ç—å _–õ–µ—á–µ–Ω–∏–µ —Ä—É–∫–∞–º–∏_ –Ω–∞ *asperiores*, –Ω–æ —É –Ω–µ–≥–æ –Ω–µ –ø–æ–ª—É—á–∏–ª–æ—Å—å
_–£—Å—ã–ø–ª–µ–Ω–∏–µ_ *asperiores*
*alias* –ø—ã—Ç–∞–ª—Å—è –∏—Å–ø–æ–ª—å–∑–æ–≤–∞—Ç—å _üëπ –ë–µ—Ä—Å–µ—Ä–∫_ –Ω–∞ *asperiores*, –Ω–æ —É –Ω–µ–≥–æ –Ω–µ –ø–æ–ª—É—á–∏–ª–æ—Å—å
_–£—Å—ã–ø–ª–µ–Ω–∏–µ_ *asperiores*"
`;
