// Bun Snapshot v1, https://goo.gl/fbAQLP

exports[`vampirism should take dmg and heal on same amount 1`] = `
"*–ò–≥—Ä–æ–∫ 1* —Å–æ—Ç–≤–æ—Ä–∏–ª _–í–∞–º–ø–∏—Ä–∏–∑–º_ –Ω–∞ *–ò–≥—Ä–æ–∫ 2* –Ω–∞–Ω–µ—Å—è *3.63* –∏ –≤–æ—Å—Å—Ç–∞–Ω–æ–≤–∏–≤ —Å–µ–±–µ *3.63* –∑–¥–æ—Ä–æ–≤—å—è
\\[ –ò–≥—Ä–æ–∫ 2 ‚ú® üíî-3.63/4.37 üìñ39 ]"
`;

exports[`vampirism should heal only above target\`s 0 hp 1`] = `
"*–ò–≥—Ä–æ–∫ 1* —Å–æ—Ç–≤–æ—Ä–∏–ª _–í–∞–º–ø–∏—Ä–∏–∑–º_ –Ω–∞ *–ò–≥—Ä–æ–∫ 2* –Ω–∞–Ω–µ—Å—è *3.63* –∏ –≤–æ—Å—Å—Ç–∞–Ω–æ–≤–∏–≤ —Å–µ–±–µ *1* –∑–¥–æ—Ä–æ–≤—å—è
\\[ –ò–≥—Ä–æ–∫ 2 ‚ú® üíî-3.63/-2.63 üìñ39 ]"
`;

exports[`vampirism should not heal whet target\`s hp less than 0 1`] = `
"*–ò–≥—Ä–æ–∫ 1* —Å–æ—Ç–≤–æ—Ä–∏–ª _–í–∞–º–ø–∏—Ä–∏–∑–º_ –Ω–∞ *–ò–≥—Ä–æ–∫ 2* –Ω–∞–Ω–µ—Å—è *3.63* –∏ –≤–æ—Å—Å—Ç–∞–Ω–æ–≤–∏–≤ —Å–µ–±–µ *0* –∑–¥–æ—Ä–æ–≤—å—è
\\[ –ò–≥—Ä–æ–∫ 2 ‚ú® üíî-3.63/-4.63 üìñ39 ]"
`;
