// Bun Snapshot v1, https://goo.gl/fbAQLP

exports[`handsHeal should be stopped by attack 1`] = `
"*quisquam* рубанул *corporis* _Эпическим Мечом_ и нанёс *5* урона
\\[ corporis 💥 💔-5/3 📖40 ]
*corporis* пытался использовать _Лечение руками_ на *corporis*, но у него не получилось
_Атака_ *corporis*"
`;

exports[`handsHeal should heal 1`] = `
"Игрок *quisquam* был вылечен 🤲 на *💖3.39*
\\[ quisquam: 💖3.39/4.39 📖34 ]"
`;

exports[`handsHeal should not get exp if players are not allies 1`] = `
"Игрок *quisquam* был вылечен 🤲 на *💖1.04*
\\[ corporis: 💖1.04/2.04 📖0 ]"
`;

exports[`handsHeal should not heal more than max hp 1`] = `
"Игрок *quisquam* был вылечен 🤲 на *💖0*
\\[ quisquam: 💖0/8 📖0 ]"
`;
